[webtrendyio.github.io/sailpoint/index.html]
[backblue.gif]
[fade.gif]
[index.html]
[webtrendyio.github.io/sailpoint/fonts/remixicon.css]
[webtrendyio.github.io/sailpoint/scss/bootstrap.css]
[webtrendyio.github.io/sailpoint/css/styles.css]
[webtrendyio.github.io/sailpoint/img/product-600x1200-3.png]
[webtrendyio.github.io/sailpoint/img/product-600x1200-1.png]
[webtrendyio.github.io/sailpoint/img/product-600x1200-2.png]
[webtrendyio.github.io/sailpoint/img/product-600x1200-4.png]
[webtrendyio.github.io/sailpoint/img/product-600x1200-5.png]
[webtrendyio.github.io/sailpoint/img/product-600x1200-6.png]
[webtrendyio.github.io/sailpoint/img/product-600x1200-7.png]
[webtrendyio.github.io/sailpoint/img/usecase-900x465-3.png]
[webtrendyio.github.io/sailpoint/img/usecase-900x465-4.png]
[webtrendyio.github.io/sailpoint/js/jquery-3.4.1.min.js]
[webtrendyio.github.io/sailpoint/js/custom-cursor.js]
[webtrendyio.github.io/sailpoint/js/bootstrap.min.js]
[webtrendyio.github.io/sailpoint/js/lax.js]
[webtrendyio.github.io/sailpoint/js/script.js]
[webtrendyio.github.io/sailpoint/index.html]
[webtrendyio.github.io/sailpoint/fonts/remixicon11da.eot]
[webtrendyio.github.io/sailpoint/fonts/remixicon11da.woff2]
[webtrendyio.github.io/sailpoint/fonts/remixicon11da.woff]
[webtrendyio.github.io/sailpoint/fonts/remixicon11da.ttf]
[webtrendyio.github.io/sailpoint/fonts/remixicon.css]
[webtrendyio.github.io/sailpoint/scss/bootstrap.css]
[webtrendyio.github.io/sailpoint/fonts/remixicon11da.svg]
[webtrendyio.github.io/sailpoint/img/background-900x500.jpg]
[webtrendyio.github.io/sailpoint/css/styles.css]
[webtrendyio.github.io/sailpoint/fonts/remixicon11da.svg]
